Risultato salvato in: C:\Users\andre\Desktop\ISW2\DataSetConstruction\CheckResults\class-names.txt
Comando: class-names | avvio: 2026-09-29T14:18:11.387184900

============================================================
UNICITA' FILENAME / SIMPLE CLASS NAME - RELEASE TRAINING
============================================================
release=0.9.0.1 | totale classi=449 | nomi unici=441 | nomi duplicati=4 | % univoci=98.2183%
  nome duplicato=RotatingTransactionalState | path=[storm-core/src/jvm/backtype/storm/transactional/state/RotatingTransactionalState.java, storm-core/src/jvm/storm/trident/topology/state/RotatingTransactionalState.java]
  nome duplicato=TransactionAttempt | path=[storm-core/src/jvm/backtype/storm/transactional/TransactionAttempt.java, storm-core/src/jvm/storm/trident/topology/TransactionAttempt.java]
  nome duplicato=TransactionalState | path=[storm-core/src/jvm/backtype/storm/transactional/state/TransactionalState.java, storm-core/src/jvm/storm/trident/topology/state/TransactionalState.java]
  nome duplicato=TrueFilter | path=[storm-core/src/jvm/storm/trident/operation/impl/TrueFilter.java, storm-core/src/jvm/storm/trident/testing/TrueFilter.java]
release=0.9.1-incubating | totale classi=450 | nomi unici=442 | nomi duplicati=4 | % univoci=98.2222%
  nome duplicato=RotatingTransactionalState | path=[storm-core/src/jvm/backtype/storm/transactional/state/RotatingTransactionalState.java, storm-core/src/jvm/storm/trident/topology/state/RotatingTransactionalState.java]
  nome duplicato=TransactionAttempt | path=[storm-core/src/jvm/backtype/storm/transactional/TransactionAttempt.java, storm-core/src/jvm/storm/trident/topology/TransactionAttempt.java]
  nome duplicato=TransactionalState | path=[storm-core/src/jvm/backtype/storm/transactional/state/TransactionalState.java, storm-core/src/jvm/storm/trident/topology/state/TransactionalState.java]
  nome duplicato=TrueFilter | path=[storm-core/src/jvm/storm/trident/operation/impl/TrueFilter.java, storm-core/src/jvm/storm/trident/testing/TrueFilter.java]
release=0.9.2-incubating | totale classi=525 | nomi unici=517 | nomi duplicati=4 | % univoci=98.4762%
  nome duplicato=RotatingTransactionalState | path=[storm-core/src/jvm/backtype/storm/transactional/state/RotatingTransactionalState.java, storm-core/src/jvm/storm/trident/topology/state/RotatingTransactionalState.java]
  nome duplicato=TransactionAttempt | path=[storm-core/src/jvm/backtype/storm/transactional/TransactionAttempt.java, storm-core/src/jvm/storm/trident/topology/TransactionAttempt.java]
  nome duplicato=TransactionalState | path=[storm-core/src/jvm/backtype/storm/transactional/state/TransactionalState.java, storm-core/src/jvm/storm/trident/topology/state/TransactionalState.java]
  nome duplicato=TrueFilter | path=[storm-core/src/jvm/storm/trident/operation/impl/TrueFilter.java, storm-core/src/jvm/storm/trident/testing/TrueFilter.java]
release=0.9.3 | totale classi=605 | nomi unici=565 | nomi duplicati=20 | % univoci=93.3884%
  nome duplicato=CountSyncPolicy | path=[external/storm-hdfs/src/main/java/org/apache/storm/hdfs/bolt/sync/CountSyncPolicy.java, external/storm-hdfs/src/main/java/org/apache/storm/hdfs/trident/sync/CountSyncPolicy.java]
  nome duplicato=DefaultFileNameFormat | path=[external/storm-hdfs/src/main/java/org/apache/storm/hdfs/bolt/format/DefaultFileNameFormat.java, external/storm-hdfs/src/main/java/org/apache/storm/hdfs/trident/format/DefaultFileNameFormat.java]
  nome duplicato=DefaultSequenceFormat | path=[external/storm-hdfs/src/main/java/org/apache/storm/hdfs/bolt/format/DefaultSequenceFormat.java, external/storm-hdfs/src/main/java/org/apache/storm/hdfs/trident/format/DefaultSequenceFormat.java]
  nome duplicato=DefaultTopicSelector | path=[external/storm-kafka/src/jvm/storm/kafka/bolt/selector/DefaultTopicSelector.java, external/storm-kafka/src/jvm/storm/kafka/trident/selector/DefaultTopicSelector.java]
  nome duplicato=DelimitedRecordFormat | path=[external/storm-hdfs/src/main/java/org/apache/storm/hdfs/bolt/format/DelimitedRecordFormat.java, external/storm-hdfs/src/main/java/org/apache/storm/hdfs/trident/format/DelimitedRecordFormat.java]
  nome duplicato=FieldNameBasedTupleToKafkaMapper | path=[external/storm-kafka/src/jvm/storm/kafka/bolt/mapper/FieldNameBasedTupleToKafkaMapper.java, external/storm-kafka/src/jvm/storm/kafka/trident/mapper/FieldNameBasedTupleToKafkaMapper.java]
  nome duplicato=FileNameFormat | path=[external/storm-hdfs/src/main/java/org/apache/storm/hdfs/bolt/format/FileNameFormat.java, external/storm-hdfs/src/main/java/org/apache/storm/hdfs/trident/format/FileNameFormat.java]
  nome duplicato=FileRotationPolicy | path=[external/storm-hdfs/src/main/java/org/apache/storm/hdfs/bolt/rotation/FileRotationPolicy.java, external/storm-hdfs/src/main/java/org/apache/storm/hdfs/trident/rotation/FileRotationPolicy.java]
  nome duplicato=FileSizeRotationPolicy | path=[external/storm-hdfs/src/main/java/org/apache/storm/hdfs/bolt/rotation/FileSizeRotationPolicy.java, external/storm-hdfs/src/main/java/org/apache/storm/hdfs/trident/rotation/FileSizeRotationPolicy.java]
  nome duplicato=KafkaTopicSelector | path=[external/storm-kafka/src/jvm/storm/kafka/bolt/selector/KafkaTopicSelector.java, external/storm-kafka/src/jvm/storm/kafka/trident/selector/KafkaTopicSelector.java]
  nome duplicato=NoRotationPolicy | path=[external/storm-hdfs/src/main/java/org/apache/storm/hdfs/bolt/rotation/NoRotationPolicy.java, external/storm-hdfs/src/main/java/org/apache/storm/hdfs/trident/rotation/NoRotationPolicy.java]
  nome duplicato=RecordFormat | path=[external/storm-hdfs/src/main/java/org/apache/storm/hdfs/bolt/format/RecordFormat.java, external/storm-hdfs/src/main/java/org/apache/storm/hdfs/trident/format/RecordFormat.java]
  nome duplicato=RotatingTransactionalState | path=[storm-core/src/jvm/backtype/storm/transactional/state/RotatingTransactionalState.java, storm-core/src/jvm/storm/trident/topology/state/RotatingTransactionalState.java]
  nome duplicato=SequenceFormat | path=[external/storm-hdfs/src/main/java/org/apache/storm/hdfs/bolt/format/SequenceFormat.java, external/storm-hdfs/src/main/java/org/apache/storm/hdfs/trident/format/SequenceFormat.java]
  nome duplicato=SyncPolicy | path=[external/storm-hdfs/src/main/java/org/apache/storm/hdfs/bolt/sync/SyncPolicy.java, external/storm-hdfs/src/main/java/org/apache/storm/hdfs/trident/sync/SyncPolicy.java]
  nome duplicato=TimedRotationPolicy | path=[external/storm-hdfs/src/main/java/org/apache/storm/hdfs/bolt/rotation/TimedRotationPolicy.java, external/storm-hdfs/src/main/java/org/apache/storm/hdfs/trident/rotation/TimedRotationPolicy.java]
  nome duplicato=TransactionAttempt | path=[storm-core/src/jvm/backtype/storm/transactional/TransactionAttempt.java, storm-core/src/jvm/storm/trident/topology/TransactionAttempt.java]
  nome duplicato=TransactionalState | path=[storm-core/src/jvm/backtype/storm/transactional/state/TransactionalState.java, storm-core/src/jvm/storm/trident/topology/state/TransactionalState.java]
  nome duplicato=TrueFilter | path=[storm-core/src/jvm/storm/trident/operation/impl/TrueFilter.java, storm-core/src/jvm/storm/trident/testing/TrueFilter.java]
  nome duplicato=Utils | path=[external/storm-hbase/src/main/java/org/apache/storm/hbase/common/Utils.java, storm-core/src/jvm/backtype/storm/utils/Utils.java]
release=0.9.4 | totale classi=606 | nomi unici=566 | nomi duplicati=20 | % univoci=93.3993%
  nome duplicato=CountSyncPolicy | path=[external/storm-hdfs/src/main/java/org/apache/storm/hdfs/bolt/sync/CountSyncPolicy.java, external/storm-hdfs/src/main/java/org/apache/storm/hdfs/trident/sync/CountSyncPolicy.java]
  nome duplicato=DefaultFileNameFormat | path=[external/storm-hdfs/src/main/java/org/apache/storm/hdfs/bolt/format/DefaultFileNameFormat.java, external/storm-hdfs/src/main/java/org/apache/storm/hdfs/trident/format/DefaultFileNameFormat.java]
  nome duplicato=DefaultSequenceFormat | path=[external/storm-hdfs/src/main/java/org/apache/storm/hdfs/bolt/format/DefaultSequenceFormat.java, external/storm-hdfs/src/main/java/org/apache/storm/hdfs/trident/format/DefaultSequenceFormat.java]
  nome duplicato=DefaultTopicSelector | path=[external/storm-kafka/src/jvm/storm/kafka/bolt/selector/DefaultTopicSelector.java, external/storm-kafka/src/jvm/storm/kafka/trident/selector/DefaultTopicSelector.java]
  nome duplicato=DelimitedRecordFormat | path=[external/storm-hdfs/src/main/java/org/apache/storm/hdfs/bolt/format/DelimitedRecordFormat.java, external/storm-hdfs/src/main/java/org/apache/storm/hdfs/trident/format/DelimitedRecordFormat.java]
  nome duplicato=FieldNameBasedTupleToKafkaMapper | path=[external/storm-kafka/src/jvm/storm/kafka/bolt/mapper/FieldNameBasedTupleToKafkaMapper.java, external/storm-kafka/src/jvm/storm/kafka/trident/mapper/FieldNameBasedTupleToKafkaMapper.java]
  nome duplicato=FileNameFormat | path=[external/storm-hdfs/src/main/java/org/apache/storm/hdfs/bolt/format/FileNameFormat.java, external/storm-hdfs/src/main/java/org/apache/storm/hdfs/trident/format/FileNameFormat.java]
  nome duplicato=FileRotationPolicy | path=[external/storm-hdfs/src/main/java/org/apache/storm/hdfs/bolt/rotation/FileRotationPolicy.java, external/storm-hdfs/src/main/java/org/apache/storm/hdfs/trident/rotation/FileRotationPolicy.java]
  nome duplicato=FileSizeRotationPolicy | path=[external/storm-hdfs/src/main/java/org/apache/storm/hdfs/bolt/rotation/FileSizeRotationPolicy.java, external/storm-hdfs/src/main/java/org/apache/storm/hdfs/trident/rotation/FileSizeRotationPolicy.java]
  nome duplicato=KafkaTopicSelector | path=[external/storm-kafka/src/jvm/storm/kafka/bolt/selector/KafkaTopicSelector.java, external/storm-kafka/src/jvm/storm/kafka/trident/selector/KafkaTopicSelector.java]
  nome duplicato=NoRotationPolicy | path=[external/storm-hdfs/src/main/java/org/apache/storm/hdfs/bolt/rotation/NoRotationPolicy.java, external/storm-hdfs/src/main/java/org/apache/storm/hdfs/trident/rotation/NoRotationPolicy.java]
  nome duplicato=RecordFormat | path=[external/storm-hdfs/src/main/java/org/apache/storm/hdfs/bolt/format/RecordFormat.java, external/storm-hdfs/src/main/java/org/apache/storm/hdfs/trident/format/RecordFormat.java]
  nome duplicato=RotatingTransactionalState | path=[storm-core/src/jvm/backtype/storm/transactional/state/RotatingTransactionalState.java, storm-core/src/jvm/storm/trident/topology/state/RotatingTransactionalState.java]
  nome duplicato=SequenceFormat | path=[external/storm-hdfs/src/main/java/org/apache/storm/hdfs/bolt/format/SequenceFormat.java, external/storm-hdfs/src/main/java/org/apache/storm/hdfs/trident/format/SequenceFormat.java]
  nome duplicato=SyncPolicy | path=[external/storm-hdfs/src/main/java/org/apache/storm/hdfs/bolt/sync/SyncPolicy.java, external/storm-hdfs/src/main/java/org/apache/storm/hdfs/trident/sync/SyncPolicy.java]
  nome duplicato=TimedRotationPolicy | path=[external/storm-hdfs/src/main/java/org/apache/storm/hdfs/bolt/rotation/TimedRotationPolicy.java, external/storm-hdfs/src/main/java/org/apache/storm/hdfs/trident/rotation/TimedRotationPolicy.java]
  nome duplicato=TransactionAttempt | path=[storm-core/src/jvm/backtype/storm/transactional/TransactionAttempt.java, storm-core/src/jvm/storm/trident/topology/TransactionAttempt.java]
  nome duplicato=TransactionalState | path=[storm-core/src/jvm/backtype/storm/transactional/state/TransactionalState.java, storm-core/src/jvm/storm/trident/topology/state/TransactionalState.java]
  nome duplicato=TrueFilter | path=[storm-core/src/jvm/storm/trident/operation/impl/TrueFilter.java, storm-core/src/jvm/storm/trident/testing/TrueFilter.java]
  nome duplicato=Utils | path=[external/storm-hbase/src/main/java/org/apache/storm/hbase/common/Utils.java, storm-core/src/jvm/backtype/storm/utils/Utils.java]
release=0.9.5 | totale classi=606 | nomi unici=566 | nomi duplicati=20 | % univoci=93.3993%
  nome duplicato=CountSyncPolicy | path=[external/storm-hdfs/src/main/java/org/apache/storm/hdfs/bolt/sync/CountSyncPolicy.java, external/storm-hdfs/src/main/java/org/apache/storm/hdfs/trident/sync/CountSyncPolicy.java]
  nome duplicato=DefaultFileNameFormat | path=[external/storm-hdfs/src/main/java/org/apache/storm/hdfs/bolt/format/DefaultFileNameFormat.java, external/storm-hdfs/src/main/java/org/apache/storm/hdfs/trident/format/DefaultFileNameFormat.java]
  nome duplicato=DefaultSequenceFormat | path=[external/storm-hdfs/src/main/java/org/apache/storm/hdfs/bolt/format/DefaultSequenceFormat.java, external/storm-hdfs/src/main/java/org/apache/storm/hdfs/trident/format/DefaultSequenceFormat.java]
  nome duplicato=DefaultTopicSelector | path=[external/storm-kafka/src/jvm/storm/kafka/bolt/selector/DefaultTopicSelector.java, external/storm-kafka/src/jvm/storm/kafka/trident/selector/DefaultTopicSelector.java]
  nome duplicato=DelimitedRecordFormat | path=[external/storm-hdfs/src/main/java/org/apache/storm/hdfs/bolt/format/DelimitedRecordFormat.java, external/storm-hdfs/src/main/java/org/apache/storm/hdfs/trident/format/DelimitedRecordFormat.java]
  nome duplicato=FieldNameBasedTupleToKafkaMapper | path=[external/storm-kafka/src/jvm/storm/kafka/bolt/mapper/FieldNameBasedTupleToKafkaMapper.java, external/storm-kafka/src/jvm/storm/kafka/trident/mapper/FieldNameBasedTupleToKafkaMapper.java]
  nome duplicato=FileNameFormat | path=[external/storm-hdfs/src/main/java/org/apache/storm/hdfs/bolt/format/FileNameFormat.java, external/storm-hdfs/src/main/java/org/apache/storm/hdfs/trident/format/FileNameFormat.java]
  nome duplicato=FileRotationPolicy | path=[external/storm-hdfs/src/main/java/org/apache/storm/hdfs/bolt/rotation/FileRotationPolicy.java, external/storm-hdfs/src/main/java/org/apache/storm/hdfs/trident/rotation/FileRotationPolicy.java]
  nome duplicato=FileSizeRotationPolicy | path=[external/storm-hdfs/src/main/java/org/apache/storm/hdfs/bolt/rotation/FileSizeRotationPolicy.java, external/storm-hdfs/src/main/java/org/apache/storm/hdfs/trident/rotation/FileSizeRotationPolicy.java]
  nome duplicato=KafkaTopicSelector | path=[external/storm-kafka/src/jvm/storm/kafka/bolt/selector/KafkaTopicSelector.java, external/storm-kafka/src/jvm/storm/kafka/trident/selector/KafkaTopicSelector.java]
  nome duplicato=NoRotationPolicy | path=[external/storm-hdfs/src/main/java/org/apache/storm/hdfs/bolt/rotation/NoRotationPolicy.java, external/storm-hdfs/src/main/java/org/apache/storm/hdfs/trident/rotation/NoRotationPolicy.java]
  nome duplicato=RecordFormat | path=[external/storm-hdfs/src/main/java/org/apache/storm/hdfs/bolt/format/RecordFormat.java, external/storm-hdfs/src/main/java/org/apache/storm/hdfs/trident/format/RecordFormat.java]
  nome duplicato=RotatingTransactionalState | path=[storm-core/src/jvm/backtype/storm/transactional/state/RotatingTransactionalState.java, storm-core/src/jvm/storm/trident/topology/state/RotatingTransactionalState.java]
  nome duplicato=SequenceFormat | path=[external/storm-hdfs/src/main/java/org/apache/storm/hdfs/bolt/format/SequenceFormat.java, external/storm-hdfs/src/main/java/org/apache/storm/hdfs/trident/format/SequenceFormat.java]
  nome duplicato=SyncPolicy | path=[external/storm-hdfs/src/main/java/org/apache/storm/hdfs/bolt/sync/SyncPolicy.java, external/storm-hdfs/src/main/java/org/apache/storm/hdfs/trident/sync/SyncPolicy.java]
  nome duplicato=TimedRotationPolicy | path=[external/storm-hdfs/src/main/java/org/apache/storm/hdfs/bolt/rotation/TimedRotationPolicy.java, external/storm-hdfs/src/main/java/org/apache/storm/hdfs/trident/rotation/TimedRotationPolicy.java]
  nome duplicato=TransactionAttempt | path=[storm-core/src/jvm/backtype/storm/transactional/TransactionAttempt.java, storm-core/src/jvm/storm/trident/topology/TransactionAttempt.java]
  nome duplicato=TransactionalState | path=[storm-core/src/jvm/backtype/storm/transactional/state/TransactionalState.java, storm-core/src/jvm/storm/trident/topology/state/TransactionalState.java]
  nome duplicato=TrueFilter | path=[storm-core/src/jvm/storm/trident/operation/impl/TrueFilter.java, storm-core/src/jvm/storm/trident/testing/TrueFilter.java]
  nome duplicato=Utils | path=[external/storm-hbase/src/main/java/org/apache/storm/hbase/common/Utils.java, storm-core/src/jvm/backtype/storm/utils/Utils.java]
release=0.10.0 | totale classi=807 | nomi unici=751 | nomi duplicati=28 | % univoci=93.0607%
  nome duplicato=ClientCallbackHandler | path=[storm-core/src/jvm/backtype/storm/security/auth/digest/ClientCallbackHandler.java, storm-core/src/jvm/backtype/storm/security/auth/kerberos/ClientCallbackHandler.java]
  nome duplicato=Coordinator | path=[external/storm-eventhubs/src/main/java/org/apache/storm/eventhubs/trident/Coordinator.java, external/storm-kafka/src/jvm/storm/kafka/trident/Coordinator.java]
  nome duplicato=CountSyncPolicy | path=[external/storm-hdfs/src/main/java/org/apache/storm/hdfs/bolt/sync/CountSyncPolicy.java, external/storm-hdfs/src/main/java/org/apache/storm/hdfs/trident/sync/CountSyncPolicy.java]
  nome duplicato=DefaultFileNameFormat | path=[external/storm-hdfs/src/main/java/org/apache/storm/hdfs/bolt/format/DefaultFileNameFormat.java, external/storm-hdfs/src/main/java/org/apache/storm/hdfs/trident/format/DefaultFileNameFormat.java]
  nome duplicato=DefaultSequenceFormat | path=[external/storm-hdfs/src/main/java/org/apache/storm/hdfs/bolt/format/DefaultSequenceFormat.java, external/storm-hdfs/src/main/java/org/apache/storm/hdfs/trident/format/DefaultSequenceFormat.java]
  nome duplicato=DefaultTopicSelector | path=[external/storm-kafka/src/jvm/storm/kafka/bolt/selector/DefaultTopicSelector.java, external/storm-kafka/src/jvm/storm/kafka/trident/selector/DefaultTopicSelector.java]
  nome duplicato=DelimitedRecordFormat | path=[external/storm-hdfs/src/main/java/org/apache/storm/hdfs/bolt/format/DelimitedRecordFormat.java, external/storm-hdfs/src/main/java/org/apache/storm/hdfs/trident/format/DelimitedRecordFormat.java]
  nome duplicato=FieldNameBasedTupleToKafkaMapper | path=[external/storm-kafka/src/jvm/storm/kafka/bolt/mapper/FieldNameBasedTupleToKafkaMapper.java, external/storm-kafka/src/jvm/storm/kafka/trident/mapper/FieldNameBasedTupleToKafkaMapper.java]
  nome duplicato=FileNameFormat | path=[external/storm-hdfs/src/main/java/org/apache/storm/hdfs/bolt/format/FileNameFormat.java, external/storm-hdfs/src/main/java/org/apache/storm/hdfs/trident/format/FileNameFormat.java]
  nome duplicato=FileRotationPolicy | path=[external/storm-hdfs/src/main/java/org/apache/storm/hdfs/bolt/rotation/FileRotationPolicy.java, external/storm-hdfs/src/main/java/org/apache/storm/hdfs/trident/rotation/FileRotationPolicy.java]
  nome duplicato=FileSizeRotationPolicy | path=[external/storm-hdfs/src/main/java/org/apache/storm/hdfs/bolt/rotation/FileSizeRotationPolicy.java, external/storm-hdfs/src/main/java/org/apache/storm/hdfs/trident/rotation/FileSizeRotationPolicy.java]
  nome duplicato=KafkaTopicSelector | path=[external/storm-kafka/src/jvm/storm/kafka/bolt/selector/KafkaTopicSelector.java, external/storm-kafka/src/jvm/storm/kafka/trident/selector/KafkaTopicSelector.java]
  nome duplicato=MessageId | path=[external/storm-eventhubs/src/main/java/org/apache/storm/eventhubs/spout/MessageId.java, storm-core/src/jvm/backtype/storm/tuple/MessageId.java]
  nome duplicato=NoRotationPolicy | path=[external/storm-hdfs/src/main/java/org/apache/storm/hdfs/bolt/rotation/NoRotationPolicy.java, external/storm-hdfs/src/main/java/org/apache/storm/hdfs/trident/rotation/NoRotationPolicy.java]
  nome duplicato=Node | path=[storm-core/src/jvm/backtype/storm/scheduler/multitenant/Node.java, storm-core/src/jvm/storm/trident/planner/Node.java]
  nome duplicato=Partition | path=[external/storm-eventhubs/src/main/java/org/apache/storm/eventhubs/trident/Partition.java, external/storm-kafka/src/jvm/storm/kafka/Partition.java]
  nome duplicato=PartitionManager | path=[external/storm-eventhubs/src/main/java/org/apache/storm/eventhubs/spout/PartitionManager.java, external/storm-kafka/src/jvm/storm/kafka/PartitionManager.java]
  nome duplicato=RecordFormat | path=[external/storm-hdfs/src/main/java/org/apache/storm/hdfs/bolt/format/RecordFormat.java, external/storm-hdfs/src/main/java/org/apache/storm/hdfs/trident/format/RecordFormat.java]
  nome duplicato=RotatingTransactionalState | path=[storm-core/src/jvm/backtype/storm/transactional/state/RotatingTransactionalState.java, storm-core/src/jvm/storm/trident/topology/state/RotatingTransactionalState.java]
  nome duplicato=SequenceFormat | path=[external/storm-hdfs/src/main/java/org/apache/storm/hdfs/bolt/format/SequenceFormat.java, external/storm-hdfs/src/main/java/org/apache/storm/hdfs/trident/format/SequenceFormat.java]
  nome duplicato=ServerCallbackHandler | path=[storm-core/src/jvm/backtype/storm/security/auth/digest/ServerCallbackHandler.java, storm-core/src/jvm/backtype/storm/security/auth/kerberos/ServerCallbackHandler.java]
  nome duplicato=SyncPolicy | path=[external/storm-hdfs/src/main/java/org/apache/storm/hdfs/bolt/sync/SyncPolicy.java, external/storm-hdfs/src/main/java/org/apache/storm/hdfs/trident/sync/SyncPolicy.java]
  nome duplicato=TestTransactionalState | path=[storm-core/src/jvm/backtype/storm/transactional/state/TestTransactionalState.java, storm-core/src/jvm/storm/trident/topology/state/TestTransactionalState.java]
  nome duplicato=TimedRotationPolicy | path=[external/storm-hdfs/src/main/java/org/apache/storm/hdfs/bolt/rotation/TimedRotationPolicy.java, external/storm-hdfs/src/main/java/org/apache/storm/hdfs/trident/rotation/TimedRotationPolicy.java]
  nome duplicato=TransactionAttempt | path=[storm-core/src/jvm/backtype/storm/transactional/TransactionAttempt.java, storm-core/src/jvm/storm/trident/topology/TransactionAttempt.java]
  nome duplicato=TransactionalState | path=[storm-core/src/jvm/backtype/storm/transactional/state/TransactionalState.java, storm-core/src/jvm/storm/trident/topology/state/TransactionalState.java]
  nome duplicato=TrueFilter | path=[storm-core/src/jvm/storm/trident/operation/impl/TrueFilter.java, storm-core/src/jvm/storm/trident/testing/TrueFilter.java]
  nome duplicato=Utils | path=[external/storm-hbase/src/main/java/org/apache/storm/hbase/common/Utils.java, storm-core/src/jvm/backtype/storm/utils/Utils.java]
release=0.9.6 | totale classi=607 | nomi unici=567 | nomi duplicati=20 | % univoci=93.4102%
  nome duplicato=CountSyncPolicy | path=[external/storm-hdfs/src/main/java/org/apache/storm/hdfs/bolt/sync/CountSyncPolicy.java, external/storm-hdfs/src/main/java/org/apache/storm/hdfs/trident/sync/CountSyncPolicy.java]
  nome duplicato=DefaultFileNameFormat | path=[external/storm-hdfs/src/main/java/org/apache/storm/hdfs/bolt/format/DefaultFileNameFormat.java, external/storm-hdfs/src/main/java/org/apache/storm/hdfs/trident/format/DefaultFileNameFormat.java]
  nome duplicato=DefaultSequenceFormat | path=[external/storm-hdfs/src/main/java/org/apache/storm/hdfs/bolt/format/DefaultSequenceFormat.java, external/storm-hdfs/src/main/java/org/apache/storm/hdfs/trident/format/DefaultSequenceFormat.java]
  nome duplicato=DefaultTopicSelector | path=[external/storm-kafka/src/jvm/storm/kafka/bolt/selector/DefaultTopicSelector.java, external/storm-kafka/src/jvm/storm/kafka/trident/selector/DefaultTopicSelector.java]
  nome duplicato=DelimitedRecordFormat | path=[external/storm-hdfs/src/main/java/org/apache/storm/hdfs/bolt/format/DelimitedRecordFormat.java, external/storm-hdfs/src/main/java/org/apache/storm/hdfs/trident/format/DelimitedRecordFormat.java]
  nome duplicato=FieldNameBasedTupleToKafkaMapper | path=[external/storm-kafka/src/jvm/storm/kafka/bolt/mapper/FieldNameBasedTupleToKafkaMapper.java, external/storm-kafka/src/jvm/storm/kafka/trident/mapper/FieldNameBasedTupleToKafkaMapper.java]
  nome duplicato=FileNameFormat | path=[external/storm-hdfs/src/main/java/org/apache/storm/hdfs/bolt/format/FileNameFormat.java, external/storm-hdfs/src/main/java/org/apache/storm/hdfs/trident/format/FileNameFormat.java]
  nome duplicato=FileRotationPolicy | path=[external/storm-hdfs/src/main/java/org/apache/storm/hdfs/bolt/rotation/FileRotationPolicy.java, external/storm-hdfs/src/main/java/org/apache/storm/hdfs/trident/rotation/FileRotationPolicy.java]
  nome duplicato=FileSizeRotationPolicy | path=[external/storm-hdfs/src/main/java/org/apache/storm/hdfs/bolt/rotation/FileSizeRotationPolicy.java, external/storm-hdfs/src/main/java/org/apache/storm/hdfs/trident/rotation/FileSizeRotationPolicy.java]
  nome duplicato=KafkaTopicSelector | path=[external/storm-kafka/src/jvm/storm/kafka/bolt/selector/KafkaTopicSelector.java, external/storm-kafka/src/jvm/storm/kafka/trident/selector/KafkaTopicSelector.java]
  nome duplicato=NoRotationPolicy | path=[external/storm-hdfs/src/main/java/org/apache/storm/hdfs/bolt/rotation/NoRotationPolicy.java, external/storm-hdfs/src/main/java/org/apache/storm/hdfs/trident/rotation/NoRotationPolicy.java]
  nome duplicato=RecordFormat | path=[external/storm-hdfs/src/main/java/org/apache/storm/hdfs/bolt/format/RecordFormat.java, external/storm-hdfs/src/main/java/org/apache/storm/hdfs/trident/format/RecordFormat.java]
  nome duplicato=RotatingTransactionalState | path=[storm-core/src/jvm/backtype/storm/transactional/state/RotatingTransactionalState.java, storm-core/src/jvm/storm/trident/topology/state/RotatingTransactionalState.java]
  nome duplicato=SequenceFormat | path=[external/storm-hdfs/src/main/java/org/apache/storm/hdfs/bolt/format/SequenceFormat.java, external/storm-hdfs/src/main/java/org/apache/storm/hdfs/trident/format/SequenceFormat.java]
  nome duplicato=SyncPolicy | path=[external/storm-hdfs/src/main/java/org/apache/storm/hdfs/bolt/sync/SyncPolicy.java, external/storm-hdfs/src/main/java/org/apache/storm/hdfs/trident/sync/SyncPolicy.java]
  nome duplicato=TimedRotationPolicy | path=[external/storm-hdfs/src/main/java/org/apache/storm/hdfs/bolt/rotation/TimedRotationPolicy.java, external/storm-hdfs/src/main/java/org/apache/storm/hdfs/trident/rotation/TimedRotationPolicy.java]
  nome duplicato=TransactionAttempt | path=[storm-core/src/jvm/backtype/storm/transactional/TransactionAttempt.java, storm-core/src/jvm/storm/trident/topology/TransactionAttempt.java]
  nome duplicato=TransactionalState | path=[storm-core/src/jvm/backtype/storm/transactional/state/TransactionalState.java, storm-core/src/jvm/storm/trident/topology/state/TransactionalState.java]
  nome duplicato=TrueFilter | path=[storm-core/src/jvm/storm/trident/operation/impl/TrueFilter.java, storm-core/src/jvm/storm/trident/testing/TrueFilter.java]
  nome duplicato=Utils | path=[external/storm-hbase/src/main/java/org/apache/storm/hbase/common/Utils.java, storm-core/src/jvm/backtype/storm/utils/Utils.java]
release=1.0.0 | totale classi=1261 | nomi unici=1185 | nomi duplicati=38 | % univoci=93.9730%
  nome duplicato=ClientCallbackHandler | path=[storm-core/src/jvm/org/apache/storm/security/auth/digest/ClientCallbackHandler.java, storm-core/src/jvm/org/apache/storm/security/auth/kerberos/ClientCallbackHandler.java]
  nome duplicato=ClojureTransformer | path=[storm-buildtools/maven-shade-clojure-transformer/src/main/java/org/apache/storm/maven/shade/clojure/ClojureTransformer.java, storm-rename-hack/src/main/java/org/apache/storm/hack/resource/ClojureTransformer.java]
  nome duplicato=Column | path=[external/storm-cassandra/src/main/java/org/apache/storm/cassandra/query/Column.java, external/storm-jdbc/src/main/java/org/apache/storm/jdbc/common/Column.java]
  nome duplicato=Context | path=[storm-core/src/jvm/org/apache/storm/messaging/local/Context.java, storm-core/src/jvm/org/apache/storm/messaging/netty/Context.java]
  nome duplicato=Coordinator | path=[external/storm-eventhubs/src/main/java/org/apache/storm/eventhubs/trident/Coordinator.java, external/storm-kafka/src/jvm/org/apache/storm/kafka/trident/Coordinator.java]
  nome duplicato=CountSyncPolicy | path=[external/storm-hdfs/src/main/java/org/apache/storm/hdfs/bolt/sync/CountSyncPolicy.java, external/storm-hdfs/src/main/java/org/apache/storm/hdfs/trident/sync/CountSyncPolicy.java]
  nome duplicato=DefaultFileNameFormat | path=[external/storm-hdfs/src/main/java/org/apache/storm/hdfs/bolt/format/DefaultFileNameFormat.java, external/storm-hdfs/src/main/java/org/apache/storm/hdfs/trident/format/DefaultFileNameFormat.java]
  nome duplicato=DefaultSequenceFormat | path=[external/storm-hdfs/src/main/java/org/apache/storm/hdfs/bolt/format/DefaultSequenceFormat.java, external/storm-hdfs/src/main/java/org/apache/storm/hdfs/trident/format/DefaultSequenceFormat.java]
  nome duplicato=DefaultTopicSelector | path=[external/storm-kafka/src/jvm/org/apache/storm/kafka/bolt/selector/DefaultTopicSelector.java, external/storm-kafka/src/jvm/org/apache/storm/kafka/trident/selector/DefaultTopicSelector.java]
  nome duplicato=DelimitedRecordFormat | path=[external/storm-hdfs/src/main/java/org/apache/storm/hdfs/bolt/format/DelimitedRecordFormat.java, external/storm-hdfs/src/main/java/org/apache/storm/hdfs/trident/format/DelimitedRecordFormat.java]
  nome duplicato=FieldNameBasedTupleToKafkaMapper | path=[external/storm-kafka/src/jvm/org/apache/storm/kafka/bolt/mapper/FieldNameBasedTupleToKafkaMapper.java, external/storm-kafka/src/jvm/org/apache/storm/kafka/trident/mapper/FieldNameBasedTupleToKafkaMapper.java]
  nome duplicato=FileNameFormat | path=[external/storm-hdfs/src/main/java/org/apache/storm/hdfs/bolt/format/FileNameFormat.java, external/storm-hdfs/src/main/java/org/apache/storm/hdfs/trident/format/FileNameFormat.java]
  nome duplicato=FileRotationPolicy | path=[external/storm-hdfs/src/main/java/org/apache/storm/hdfs/bolt/rotation/FileRotationPolicy.java, external/storm-hdfs/src/main/java/org/apache/storm/hdfs/trident/rotation/FileRotationPolicy.java]
  nome duplicato=FileSizeRotationPolicy | path=[external/storm-hdfs/src/main/java/org/apache/storm/hdfs/bolt/rotation/FileSizeRotationPolicy.java, external/storm-hdfs/src/main/java/org/apache/storm/hdfs/trident/rotation/FileSizeRotationPolicy.java]
  nome duplicato=JsonSerializer | path=[external/sql/storm-sql-kafka/src/jvm/org/apache/storm/sql/kafka/JsonSerializer.java, storm-core/src/jvm/org/apache/storm/multilang/JsonSerializer.java]
  nome duplicato=KafkaSpout | path=[external/storm-kafka-client/src/main/java/org/apache/storm/kafka/spout/KafkaSpout.java, external/storm-kafka/src/jvm/org/apache/storm/kafka/KafkaSpout.java]
  nome duplicato=KafkaTopicSelector | path=[external/storm-kafka/src/jvm/org/apache/storm/kafka/bolt/selector/KafkaTopicSelector.java, external/storm-kafka/src/jvm/org/apache/storm/kafka/trident/selector/KafkaTopicSelector.java]
  nome duplicato=MessageId | path=[external/storm-eventhubs/src/main/java/org/apache/storm/eventhubs/spout/MessageId.java, storm-core/src/jvm/org/apache/storm/tuple/MessageId.java]
  nome duplicato=NoRotationPolicy | path=[external/storm-hdfs/src/main/java/org/apache/storm/hdfs/bolt/rotation/NoRotationPolicy.java, external/storm-hdfs/src/main/java/org/apache/storm/hdfs/trident/rotation/NoRotationPolicy.java]
  nome duplicato=Node | path=[storm-core/src/jvm/org/apache/storm/scheduler/multitenant/Node.java, storm-core/src/jvm/org/apache/storm/trident/planner/Node.java]
  nome duplicato=Partition | path=[external/storm-eventhubs/src/main/java/org/apache/storm/eventhubs/trident/Partition.java, external/storm-kafka/src/jvm/org/apache/storm/kafka/Partition.java]
  nome duplicato=PartitionManager | path=[external/storm-eventhubs/src/main/java/org/apache/storm/eventhubs/spout/PartitionManager.java, external/storm-kafka/src/jvm/org/apache/storm/kafka/PartitionManager.java]
  nome duplicato=PlanCompiler | path=[external/sql/storm-sql-core/src/jvm/org/apache/storm/sql/compiler/backends/standalone/PlanCompiler.java, external/sql/storm-sql-core/src/jvm/org/apache/storm/sql/compiler/backends/trident/PlanCompiler.java]
  nome duplicato=RecordFormat | path=[external/storm-hdfs/src/main/java/org/apache/storm/hdfs/bolt/format/RecordFormat.java, external/storm-hdfs/src/main/java/org/apache/storm/hdfs/trident/format/RecordFormat.java]
  nome duplicato=RelNodeCompiler | path=[external/sql/storm-sql-core/src/jvm/org/apache/storm/sql/compiler/backends/standalone/RelNodeCompiler.java, external/sql/storm-sql-core/src/jvm/org/apache/storm/sql/compiler/backends/trident/RelNodeCompiler.java]
  nome duplicato=RotatingTransactionalState | path=[storm-core/src/jvm/org/apache/storm/transactional/state/RotatingTransactionalState.java, storm-core/src/jvm/org/apache/storm/trident/topology/state/RotatingTransactionalState.java]
  nome duplicato=SequenceFormat | path=[external/storm-hdfs/src/main/java/org/apache/storm/hdfs/bolt/format/SequenceFormat.java, external/storm-hdfs/src/main/java/org/apache/storm/hdfs/trident/format/SequenceFormat.java]
  nome duplicato=Serializer | path=[storm-core/src/jvm/org/apache/storm/state/Serializer.java, storm-core/src/jvm/org/apache/storm/trident/state/Serializer.java]
  nome duplicato=ServerCallbackHandler | path=[storm-core/src/jvm/org/apache/storm/security/auth/digest/ServerCallbackHandler.java, storm-core/src/jvm/org/apache/storm/security/auth/kerberos/ServerCallbackHandler.java]
  nome duplicato=State | path=[storm-core/src/jvm/org/apache/storm/state/State.java, storm-core/src/jvm/org/apache/storm/trident/state/State.java]
  nome duplicato=StateFactory | path=[storm-core/src/jvm/org/apache/storm/state/StateFactory.java, storm-core/src/jvm/org/apache/storm/trident/state/StateFactory.java]
  nome duplicato=SyncPolicy | path=[external/storm-hdfs/src/main/java/org/apache/storm/hdfs/bolt/sync/SyncPolicy.java, external/storm-hdfs/src/main/java/org/apache/storm/hdfs/trident/sync/SyncPolicy.java]
  nome duplicato=TestTransactionalState | path=[storm-core/src/jvm/org/apache/storm/transactional/state/TestTransactionalState.java, storm-core/src/jvm/org/apache/storm/trident/topology/state/TestTransactionalState.java]
  nome duplicato=TimedRotationPolicy | path=[external/storm-hdfs/src/main/java/org/apache/storm/hdfs/bolt/rotation/TimedRotationPolicy.java, external/storm-hdfs/src/main/java/org/apache/storm/hdfs/trident/rotation/TimedRotationPolicy.java]
  nome duplicato=TransactionAttempt | path=[storm-core/src/jvm/org/apache/storm/transactional/TransactionAttempt.java, storm-core/src/jvm/org/apache/storm/trident/topology/TransactionAttempt.java]
  nome duplicato=TransactionalState | path=[storm-core/src/jvm/org/apache/storm/transactional/state/TransactionalState.java, storm-core/src/jvm/org/apache/storm/trident/topology/state/TransactionalState.java]
  nome duplicato=TrueFilter | path=[storm-core/src/jvm/org/apache/storm/trident/operation/impl/TrueFilter.java, storm-core/src/jvm/org/apache/storm/trident/testing/TrueFilter.java]
  nome duplicato=Utils | path=[external/storm-hbase/src/main/java/org/apache/storm/hbase/common/Utils.java, storm-core/src/jvm/org/apache/storm/utils/Utils.java]
release=0.10.1 | totale classi=807 | nomi unici=751 | nomi duplicati=28 | % univoci=93.0607%
  nome duplicato=ClientCallbackHandler | path=[storm-core/src/jvm/backtype/storm/security/auth/digest/ClientCallbackHandler.java, storm-core/src/jvm/backtype/storm/security/auth/kerberos/ClientCallbackHandler.java]
  nome duplicato=Coordinator | path=[external/storm-eventhubs/src/main/java/org/apache/storm/eventhubs/trident/Coordinator.java, external/storm-kafka/src/jvm/storm/kafka/trident/Coordinator.java]
  nome duplicato=CountSyncPolicy | path=[external/storm-hdfs/src/main/java/org/apache/storm/hdfs/bolt/sync/CountSyncPolicy.java, external/storm-hdfs/src/main/java/org/apache/storm/hdfs/trident/sync/CountSyncPolicy.java]
  nome duplicato=DefaultFileNameFormat | path=[external/storm-hdfs/src/main/java/org/apache/storm/hdfs/bolt/format/DefaultFileNameFormat.java, external/storm-hdfs/src/main/java/org/apache/storm/hdfs/trident/format/DefaultFileNameFormat.java]
  nome duplicato=DefaultSequenceFormat | path=[external/storm-hdfs/src/main/java/org/apache/storm/hdfs/bolt/format/DefaultSequenceFormat.java, external/storm-hdfs/src/main/java/org/apache/storm/hdfs/trident/format/DefaultSequenceFormat.java]
  nome duplicato=DefaultTopicSelector | path=[external/storm-kafka/src/jvm/storm/kafka/bolt/selector/DefaultTopicSelector.java, external/storm-kafka/src/jvm/storm/kafka/trident/selector/DefaultTopicSelector.java]
  nome duplicato=DelimitedRecordFormat | path=[external/storm-hdfs/src/main/java/org/apache/storm/hdfs/bolt/format/DelimitedRecordFormat.java, external/storm-hdfs/src/main/java/org/apache/storm/hdfs/trident/format/DelimitedRecordFormat.java]
  nome duplicato=FieldNameBasedTupleToKafkaMapper | path=[external/storm-kafka/src/jvm/storm/kafka/bolt/mapper/FieldNameBasedTupleToKafkaMapper.java, external/storm-kafka/src/jvm/storm/kafka/trident/mapper/FieldNameBasedTupleToKafkaMapper.java]
  nome duplicato=FileNameFormat | path=[external/storm-hdfs/src/main/java/org/apache/storm/hdfs/bolt/format/FileNameFormat.java, external/storm-hdfs/src/main/java/org/apache/storm/hdfs/trident/format/FileNameFormat.java]
  nome duplicato=FileRotationPolicy | path=[external/storm-hdfs/src/main/java/org/apache/storm/hdfs/bolt/rotation/FileRotationPolicy.java, external/storm-hdfs/src/main/java/org/apache/storm/hdfs/trident/rotation/FileRotationPolicy.java]
  nome duplicato=FileSizeRotationPolicy | path=[external/storm-hdfs/src/main/java/org/apache/storm/hdfs/bolt/rotation/FileSizeRotationPolicy.java, external/storm-hdfs/src/main/java/org/apache/storm/hdfs/trident/rotation/FileSizeRotationPolicy.java]
  nome duplicato=KafkaTopicSelector | path=[external/storm-kafka/src/jvm/storm/kafka/bolt/selector/KafkaTopicSelector.java, external/storm-kafka/src/jvm/storm/kafka/trident/selector/KafkaTopicSelector.java]
  nome duplicato=MessageId | path=[external/storm-eventhubs/src/main/java/org/apache/storm/eventhubs/spout/MessageId.java, storm-core/src/jvm/backtype/storm/tuple/MessageId.java]
  nome duplicato=NoRotationPolicy | path=[external/storm-hdfs/src/main/java/org/apache/storm/hdfs/bolt/rotation/NoRotationPolicy.java, external/storm-hdfs/src/main/java/org/apache/storm/hdfs/trident/rotation/NoRotationPolicy.java]
  nome duplicato=Node | path=[storm-core/src/jvm/backtype/storm/scheduler/multitenant/Node.java, storm-core/src/jvm/storm/trident/planner/Node.java]
  nome duplicato=Partition | path=[external/storm-eventhubs/src/main/java/org/apache/storm/eventhubs/trident/Partition.java, external/storm-kafka/src/jvm/storm/kafka/Partition.java]
  nome duplicato=PartitionManager | path=[external/storm-eventhubs/src/main/java/org/apache/storm/eventhubs/spout/PartitionManager.java, external/storm-kafka/src/jvm/storm/kafka/PartitionManager.java]
  nome duplicato=RecordFormat | path=[external/storm-hdfs/src/main/java/org/apache/storm/hdfs/bolt/format/RecordFormat.java, external/storm-hdfs/src/main/java/org/apache/storm/hdfs/trident/format/RecordFormat.java]
  nome duplicato=RotatingTransactionalState | path=[storm-core/src/jvm/backtype/storm/transactional/state/RotatingTransactionalState.java, storm-core/src/jvm/storm/trident/topology/state/RotatingTransactionalState.java]
  nome duplicato=SequenceFormat | path=[external/storm-hdfs/src/main/java/org/apache/storm/hdfs/bolt/format/SequenceFormat.java, external/storm-hdfs/src/main/java/org/apache/storm/hdfs/trident/format/SequenceFormat.java]
  nome duplicato=ServerCallbackHandler | path=[storm-core/src/jvm/backtype/storm/security/auth/digest/ServerCallbackHandler.java, storm-core/src/jvm/backtype/storm/security/auth/kerberos/ServerCallbackHandler.java]
  nome duplicato=SyncPolicy | path=[external/storm-hdfs/src/main/java/org/apache/storm/hdfs/bolt/sync/SyncPolicy.java, external/storm-hdfs/src/main/java/org/apache/storm/hdfs/trident/sync/SyncPolicy.java]
  nome duplicato=TestTransactionalState | path=[storm-core/src/jvm/backtype/storm/transactional/state/TestTransactionalState.java, storm-core/src/jvm/storm/trident/topology/state/TestTransactionalState.java]
  nome duplicato=TimedRotationPolicy | path=[external/storm-hdfs/src/main/java/org/apache/storm/hdfs/bolt/rotation/TimedRotationPolicy.java, external/storm-hdfs/src/main/java/org/apache/storm/hdfs/trident/rotation/TimedRotationPolicy.java]
  nome duplicato=TransactionAttempt | path=[storm-core/src/jvm/backtype/storm/transactional/TransactionAttempt.java, storm-core/src/jvm/storm/trident/topology/TransactionAttempt.java]
  nome duplicato=TransactionalState | path=[storm-core/src/jvm/backtype/storm/transactional/state/TransactionalState.java, storm-core/src/jvm/storm/trident/topology/state/TransactionalState.java]
  nome duplicato=TrueFilter | path=[storm-core/src/jvm/storm/trident/operation/impl/TrueFilter.java, storm-core/src/jvm/storm/trident/testing/TrueFilter.java]
  nome duplicato=Utils | path=[external/storm-hbase/src/main/java/org/apache/storm/hbase/common/Utils.java, storm-core/src/jvm/backtype/storm/utils/Utils.java]
release=1.0.1 | totale classi=1264 | nomi unici=1188 | nomi duplicati=38 | % univoci=93.9873%
  nome duplicato=ClientCallbackHandler | path=[storm-core/src/jvm/org/apache/storm/security/auth/digest/ClientCallbackHandler.java, storm-core/src/jvm/org/apache/storm/security/auth/kerberos/ClientCallbackHandler.java]
  nome duplicato=ClojureTransformer | path=[storm-buildtools/maven-shade-clojure-transformer/src/main/java/org/apache/storm/maven/shade/clojure/ClojureTransformer.java, storm-rename-hack/src/main/java/org/apache/storm/hack/resource/ClojureTransformer.java]
  nome duplicato=Column | path=[external/storm-cassandra/src/main/java/org/apache/storm/cassandra/query/Column.java, external/storm-jdbc/src/main/java/org/apache/storm/jdbc/common/Column.java]
  nome duplicato=Context | path=[storm-core/src/jvm/org/apache/storm/messaging/local/Context.java, storm-core/src/jvm/org/apache/storm/messaging/netty/Context.java]
  nome duplicato=Coordinator | path=[external/storm-eventhubs/src/main/java/org/apache/storm/eventhubs/trident/Coordinator.java, external/storm-kafka/src/jvm/org/apache/storm/kafka/trident/Coordinator.java]
  nome duplicato=CountSyncPolicy | path=[external/storm-hdfs/src/main/java/org/apache/storm/hdfs/bolt/sync/CountSyncPolicy.java, external/storm-hdfs/src/main/java/org/apache/storm/hdfs/trident/sync/CountSyncPolicy.java]
  nome duplicato=DefaultFileNameFormat | path=[external/storm-hdfs/src/main/java/org/apache/storm/hdfs/bolt/format/DefaultFileNameFormat.java, external/storm-hdfs/src/main/java/org/apache/storm/hdfs/trident/format/DefaultFileNameFormat.java]
  nome duplicato=DefaultSequenceFormat | path=[external/storm-hdfs/src/main/java/org/apache/storm/hdfs/bolt/format/DefaultSequenceFormat.java, external/storm-hdfs/src/main/java/org/apache/storm/hdfs/trident/format/DefaultSequenceFormat.java]
  nome duplicato=DefaultTopicSelector | path=[external/storm-kafka/src/jvm/org/apache/storm/kafka/bolt/selector/DefaultTopicSelector.java, external/storm-kafka/src/jvm/org/apache/storm/kafka/trident/selector/DefaultTopicSelector.java]
  nome duplicato=DelimitedRecordFormat | path=[external/storm-hdfs/src/main/java/org/apache/storm/hdfs/bolt/format/DelimitedRecordFormat.java, external/storm-hdfs/src/main/java/org/apache/storm/hdfs/trident/format/DelimitedRecordFormat.java]
  nome duplicato=FieldNameBasedTupleToKafkaMapper | path=[external/storm-kafka/src/jvm/org/apache/storm/kafka/bolt/mapper/FieldNameBasedTupleToKafkaMapper.java, external/storm-kafka/src/jvm/org/apache/storm/kafka/trident/mapper/FieldNameBasedTupleToKafkaMapper.java]
  nome duplicato=FileNameFormat | path=[external/storm-hdfs/src/main/java/org/apache/storm/hdfs/bolt/format/FileNameFormat.java, external/storm-hdfs/src/main/java/org/apache/storm/hdfs/trident/format/FileNameFormat.java]
  nome duplicato=FileRotationPolicy | path=[external/storm-hdfs/src/main/java/org/apache/storm/hdfs/bolt/rotation/FileRotationPolicy.java, external/storm-hdfs/src/main/java/org/apache/storm/hdfs/trident/rotation/FileRotationPolicy.java]
  nome duplicato=FileSizeRotationPolicy | path=[external/storm-hdfs/src/main/java/org/apache/storm/hdfs/bolt/rotation/FileSizeRotationPolicy.java, external/storm-hdfs/src/main/java/org/apache/storm/hdfs/trident/rotation/FileSizeRotationPolicy.java]
  nome duplicato=JsonSerializer | path=[external/sql/storm-sql-kafka/src/jvm/org/apache/storm/sql/kafka/JsonSerializer.java, storm-core/src/jvm/org/apache/storm/multilang/JsonSerializer.java]
  nome duplicato=KafkaSpout | path=[external/storm-kafka-client/src/main/java/org/apache/storm/kafka/spout/KafkaSpout.java, external/storm-kafka/src/jvm/org/apache/storm/kafka/KafkaSpout.java]
  nome duplicato=KafkaTopicSelector | path=[external/storm-kafka/src/jvm/org/apache/storm/kafka/bolt/selector/KafkaTopicSelector.java, external/storm-kafka/src/jvm/org/apache/storm/kafka/trident/selector/KafkaTopicSelector.java]
  nome duplicato=MessageId | path=[external/storm-eventhubs/src/main/java/org/apache/storm/eventhubs/spout/MessageId.java, storm-core/src/jvm/org/apache/storm/tuple/MessageId.java]
  nome duplicato=NoRotationPolicy | path=[external/storm-hdfs/src/main/java/org/apache/storm/hdfs/bolt/rotation/NoRotationPolicy.java, external/storm-hdfs/src/main/java/org/apache/storm/hdfs/trident/rotation/NoRotationPolicy.java]
  nome duplicato=Node | path=[storm-core/src/jvm/org/apache/storm/scheduler/multitenant/Node.java, storm-core/src/jvm/org/apache/storm/trident/planner/Node.java]
  nome duplicato=Partition | path=[external/storm-eventhubs/src/main/java/org/apache/storm/eventhubs/trident/Partition.java, external/storm-kafka/src/jvm/org/apache/storm/kafka/Partition.java]
  nome duplicato=PartitionManager | path=[external/storm-eventhubs/src/main/java/org/apache/storm/eventhubs/spout/PartitionManager.java, external/storm-kafka/src/jvm/org/apache/storm/kafka/PartitionManager.java]
  nome duplicato=PlanCompiler | path=[external/sql/storm-sql-core/src/jvm/org/apache/storm/sql/compiler/backends/standalone/PlanCompiler.java, external/sql/storm-sql-core/src/jvm/org/apache/storm/sql/compiler/backends/trident/PlanCompiler.java]
  nome duplicato=RecordFormat | path=[external/storm-hdfs/src/main/java/org/apache/storm/hdfs/bolt/format/RecordFormat.java, external/storm-hdfs/src/main/java/org/apache/storm/hdfs/trident/format/RecordFormat.java]
  nome duplicato=RelNodeCompiler | path=[external/sql/storm-sql-core/src/jvm/org/apache/storm/sql/compiler/backends/standalone/RelNodeCompiler.java, external/sql/storm-sql-core/src/jvm/org/apache/storm/sql/compiler/backends/trident/RelNodeCompiler.java]
  nome duplicato=RotatingTransactionalState | path=[storm-core/src/jvm/org/apache/storm/transactional/state/RotatingTransactionalState.java, storm-core/src/jvm/org/apache/storm/trident/topology/state/RotatingTransactionalState.java]
  nome duplicato=SequenceFormat | path=[external/storm-hdfs/src/main/java/org/apache/storm/hdfs/bolt/format/SequenceFormat.java, external/storm-hdfs/src/main/java/org/apache/storm/hdfs/trident/format/SequenceFormat.java]
  nome duplicato=Serializer | path=[storm-core/src/jvm/org/apache/storm/state/Serializer.java, storm-core/src/jvm/org/apache/storm/trident/state/Serializer.java]
  nome duplicato=ServerCallbackHandler | path=[storm-core/src/jvm/org/apache/storm/security/auth/digest/ServerCallbackHandler.java, storm-core/src/jvm/org/apache/storm/security/auth/kerberos/ServerCallbackHandler.java]
  nome duplicato=State | path=[storm-core/src/jvm/org/apache/storm/state/State.java, storm-core/src/jvm/org/apache/storm/trident/state/State.java]
  nome duplicato=StateFactory | path=[storm-core/src/jvm/org/apache/storm/state/StateFactory.java, storm-core/src/jvm/org/apache/storm/trident/state/StateFactory.java]
  nome duplicato=SyncPolicy | path=[external/storm-hdfs/src/main/java/org/apache/storm/hdfs/bolt/sync/SyncPolicy.java, external/storm-hdfs/src/main/java/org/apache/storm/hdfs/trident/sync/SyncPolicy.java]
  nome duplicato=TestTransactionalState | path=[storm-core/src/jvm/org/apache/storm/transactional/state/TestTransactionalState.java, storm-core/src/jvm/org/apache/storm/trident/topology/state/TestTransactionalState.java]
  nome duplicato=TimedRotationPolicy | path=[external/storm-hdfs/src/main/java/org/apache/storm/hdfs/bolt/rotation/TimedRotationPolicy.java, external/storm-hdfs/src/main/java/org/apache/storm/hdfs/trident/rotation/TimedRotationPolicy.java]
  nome duplicato=TransactionAttempt | path=[storm-core/src/jvm/org/apache/storm/transactional/TransactionAttempt.java, storm-core/src/jvm/org/apache/storm/trident/topology/TransactionAttempt.java]
  nome duplicato=TransactionalState | path=[storm-core/src/jvm/org/apache/storm/transactional/state/TransactionalState.java, storm-core/src/jvm/org/apache/storm/trident/topology/state/TransactionalState.java]
  nome duplicato=TrueFilter | path=[storm-core/src/jvm/org/apache/storm/trident/operation/impl/TrueFilter.java, storm-core/src/jvm/org/apache/storm/trident/testing/TrueFilter.java]
  nome duplicato=Utils | path=[external/storm-hbase/src/main/java/org/apache/storm/hbase/common/Utils.java, storm-core/src/jvm/org/apache/storm/utils/Utils.java]
release=1.0.2 | totale classi=1273 | nomi unici=1197 | nomi duplicati=38 | % univoci=94.0299%
  nome duplicato=ClientCallbackHandler | path=[storm-core/src/jvm/org/apache/storm/security/auth/digest/ClientCallbackHandler.java, storm-core/src/jvm/org/apache/storm/security/auth/kerberos/ClientCallbackHandler.java]
  nome duplicato=ClojureTransformer | path=[storm-buildtools/maven-shade-clojure-transformer/src/main/java/org/apache/storm/maven/shade/clojure/ClojureTransformer.java, storm-rename-hack/src/main/java/org/apache/storm/hack/resource/ClojureTransformer.java]
  nome duplicato=Column | path=[external/storm-cassandra/src/main/java/org/apache/storm/cassandra/query/Column.java, external/storm-jdbc/src/main/java/org/apache/storm/jdbc/common/Column.java]
  nome duplicato=Context | path=[storm-core/src/jvm/org/apache/storm/messaging/local/Context.java, storm-core/src/jvm/org/apache/storm/messaging/netty/Context.java]
  nome duplicato=Coordinator | path=[external/storm-eventhubs/src/main/java/org/apache/storm/eventhubs/trident/Coordinator.java, external/storm-kafka/src/jvm/org/apache/storm/kafka/trident/Coordinator.java]
  nome duplicato=CountSyncPolicy | path=[external/storm-hdfs/src/main/java/org/apache/storm/hdfs/bolt/sync/CountSyncPolicy.java, external/storm-hdfs/src/main/java/org/apache/storm/hdfs/trident/sync/CountSyncPolicy.java]
  nome duplicato=DefaultFileNameFormat | path=[external/storm-hdfs/src/main/java/org/apache/storm/hdfs/bolt/format/DefaultFileNameFormat.java, external/storm-hdfs/src/main/java/org/apache/storm/hdfs/trident/format/DefaultFileNameFormat.java]
  nome duplicato=DefaultSequenceFormat | path=[external/storm-hdfs/src/main/java/org/apache/storm/hdfs/bolt/format/DefaultSequenceFormat.java, external/storm-hdfs/src/main/java/org/apache/storm/hdfs/trident/format/DefaultSequenceFormat.java]
  nome duplicato=DefaultTopicSelector | path=[external/storm-kafka/src/jvm/org/apache/storm/kafka/bolt/selector/DefaultTopicSelector.java, external/storm-kafka/src/jvm/org/apache/storm/kafka/trident/selector/DefaultTopicSelector.java]
  nome duplicato=DelimitedRecordFormat | path=[external/storm-hdfs/src/main/java/org/apache/storm/hdfs/bolt/format/DelimitedRecordFormat.java, external/storm-hdfs/src/main/java/org/apache/storm/hdfs/trident/format/DelimitedRecordFormat.java]
  nome duplicato=FieldNameBasedTupleToKafkaMapper | path=[external/storm-kafka/src/jvm/org/apache/storm/kafka/bolt/mapper/FieldNameBasedTupleToKafkaMapper.java, external/storm-kafka/src/jvm/org/apache/storm/kafka/trident/mapper/FieldNameBasedTupleToKafkaMapper.java]
  nome duplicato=FileNameFormat | path=[external/storm-hdfs/src/main/java/org/apache/storm/hdfs/bolt/format/FileNameFormat.java, external/storm-hdfs/src/main/java/org/apache/storm/hdfs/trident/format/FileNameFormat.java]
  nome duplicato=FileRotationPolicy | path=[external/storm-hdfs/src/main/java/org/apache/storm/hdfs/bolt/rotation/FileRotationPolicy.java, external/storm-hdfs/src/main/java/org/apache/storm/hdfs/trident/rotation/FileRotationPolicy.java]
  nome duplicato=FileSizeRotationPolicy | path=[external/storm-hdfs/src/main/java/org/apache/storm/hdfs/bolt/rotation/FileSizeRotationPolicy.java, external/storm-hdfs/src/main/java/org/apache/storm/hdfs/trident/rotation/FileSizeRotationPolicy.java]
  nome duplicato=JsonSerializer | path=[external/sql/storm-sql-kafka/src/jvm/org/apache/storm/sql/kafka/JsonSerializer.java, storm-core/src/jvm/org/apache/storm/multilang/JsonSerializer.java]
  nome duplicato=KafkaSpout | path=[external/storm-kafka-client/src/main/java/org/apache/storm/kafka/spout/KafkaSpout.java, external/storm-kafka/src/jvm/org/apache/storm/kafka/KafkaSpout.java]
  nome duplicato=KafkaTopicSelector | path=[external/storm-kafka/src/jvm/org/apache/storm/kafka/bolt/selector/KafkaTopicSelector.java, external/storm-kafka/src/jvm/org/apache/storm/kafka/trident/selector/KafkaTopicSelector.java]
  nome duplicato=MessageId | path=[external/storm-eventhubs/src/main/java/org/apache/storm/eventhubs/spout/MessageId.java, storm-core/src/jvm/org/apache/storm/tuple/MessageId.java]
  nome duplicato=NoRotationPolicy | path=[external/storm-hdfs/src/main/java/org/apache/storm/hdfs/bolt/rotation/NoRotationPolicy.java, external/storm-hdfs/src/main/java/org/apache/storm/hdfs/trident/rotation/NoRotationPolicy.java]
  nome duplicato=Node | path=[storm-core/src/jvm/org/apache/storm/scheduler/multitenant/Node.java, storm-core/src/jvm/org/apache/storm/trident/planner/Node.java]
  nome duplicato=Partition | path=[external/storm-eventhubs/src/main/java/org/apache/storm/eventhubs/trident/Partition.java, external/storm-kafka/src/jvm/org/apache/storm/kafka/Partition.java]
  nome duplicato=PartitionManager | path=[external/storm-eventhubs/src/main/java/org/apache/storm/eventhubs/spout/PartitionManager.java, external/storm-kafka/src/jvm/org/apache/storm/kafka/PartitionManager.java]
  nome duplicato=PlanCompiler | path=[external/sql/storm-sql-core/src/jvm/org/apache/storm/sql/compiler/backends/standalone/PlanCompiler.java, external/sql/storm-sql-core/src/jvm/org/apache/storm/sql/compiler/backends/trident/PlanCompiler.java]
  nome duplicato=RecordFormat | path=[external/storm-hdfs/src/main/java/org/apache/storm/hdfs/bolt/format/RecordFormat.java, external/storm-hdfs/src/main/java/org/apache/storm/hdfs/trident/format/RecordFormat.java]
  nome duplicato=RelNodeCompiler | path=[external/sql/storm-sql-core/src/jvm/org/apache/storm/sql/compiler/backends/standalone/RelNodeCompiler.java, external/sql/storm-sql-core/src/jvm/org/apache/storm/sql/compiler/backends/trident/RelNodeCompiler.java]
  nome duplicato=RotatingTransactionalState | path=[storm-core/src/jvm/org/apache/storm/transactional/state/RotatingTransactionalState.java, storm-core/src/jvm/org/apache/storm/trident/topology/state/RotatingTransactionalState.java]
  nome duplicato=SequenceFormat | path=[external/storm-hdfs/src/main/java/org/apache/storm/hdfs/bolt/format/SequenceFormat.java, external/storm-hdfs/src/main/java/org/apache/storm/hdfs/trident/format/SequenceFormat.java]
  nome duplicato=Serializer | path=[storm-core/src/jvm/org/apache/storm/state/Serializer.java, storm-core/src/jvm/org/apache/storm/trident/state/Serializer.java]
  nome duplicato=ServerCallbackHandler | path=[storm-core/src/jvm/org/apache/storm/security/auth/digest/ServerCallbackHandler.java, storm-core/src/jvm/org/apache/storm/security/auth/kerberos/ServerCallbackHandler.java]
  nome duplicato=State | path=[storm-core/src/jvm/org/apache/storm/state/State.java, storm-core/src/jvm/org/apache/storm/trident/state/State.java]
  nome duplicato=StateFactory | path=[storm-core/src/jvm/org/apache/storm/state/StateFactory.java, storm-core/src/jvm/org/apache/storm/trident/state/StateFactory.java]
  nome duplicato=SyncPolicy | path=[external/storm-hdfs/src/main/java/org/apache/storm/hdfs/bolt/sync/SyncPolicy.java, external/storm-hdfs/src/main/java/org/apache/storm/hdfs/trident/sync/SyncPolicy.java]
  nome duplicato=TestTransactionalState | path=[storm-core/src/jvm/org/apache/storm/transactional/state/TestTransactionalState.java, storm-core/src/jvm/org/apache/storm/trident/topology/state/TestTransactionalState.java]
  nome duplicato=TimedRotationPolicy | path=[external/storm-hdfs/src/main/java/org/apache/storm/hdfs/bolt/rotation/TimedRotationPolicy.java, external/storm-hdfs/src/main/java/org/apache/storm/hdfs/trident/rotation/TimedRotationPolicy.java]
  nome duplicato=TransactionAttempt | path=[storm-core/src/jvm/org/apache/storm/transactional/TransactionAttempt.java, storm-core/src/jvm/org/apache/storm/trident/topology/TransactionAttempt.java]
  nome duplicato=TransactionalState | path=[storm-core/src/jvm/org/apache/storm/transactional/state/TransactionalState.java, storm-core/src/jvm/org/apache/storm/trident/topology/state/TransactionalState.java]
  nome duplicato=TrueFilter | path=[storm-core/src/jvm/org/apache/storm/trident/operation/impl/TrueFilter.java, storm-core/src/jvm/org/apache/storm/trident/testing/TrueFilter.java]
  nome duplicato=Utils | path=[external/storm-hbase/src/main/java/org/apache/storm/hbase/common/Utils.java, storm-core/src/jvm/org/apache/storm/utils/Utils.java]
release=0.9.7 | totale classi=607 | nomi unici=567 | nomi duplicati=20 | % univoci=93.4102%
  nome duplicato=CountSyncPolicy | path=[external/storm-hdfs/src/main/java/org/apache/storm/hdfs/bolt/sync/CountSyncPolicy.java, external/storm-hdfs/src/main/java/org/apache/storm/hdfs/trident/sync/CountSyncPolicy.java]
  nome duplicato=DefaultFileNameFormat | path=[external/storm-hdfs/src/main/java/org/apache/storm/hdfs/bolt/format/DefaultFileNameFormat.java, external/storm-hdfs/src/main/java/org/apache/storm/hdfs/trident/format/DefaultFileNameFormat.java]
  nome duplicato=DefaultSequenceFormat | path=[external/storm-hdfs/src/main/java/org/apache/storm/hdfs/bolt/format/DefaultSequenceFormat.java, external/storm-hdfs/src/main/java/org/apache/storm/hdfs/trident/format/DefaultSequenceFormat.java]
  nome duplicato=DefaultTopicSelector | path=[external/storm-kafka/src/jvm/storm/kafka/bolt/selector/DefaultTopicSelector.java, external/storm-kafka/src/jvm/storm/kafka/trident/selector/DefaultTopicSelector.java]
  nome duplicato=DelimitedRecordFormat | path=[external/storm-hdfs/src/main/java/org/apache/storm/hdfs/bolt/format/DelimitedRecordFormat.java, external/storm-hdfs/src/main/java/org/apache/storm/hdfs/trident/format/DelimitedRecordFormat.java]
  nome duplicato=FieldNameBasedTupleToKafkaMapper | path=[external/storm-kafka/src/jvm/storm/kafka/bolt/mapper/FieldNameBasedTupleToKafkaMapper.java, external/storm-kafka/src/jvm/storm/kafka/trident/mapper/FieldNameBasedTupleToKafkaMapper.java]
  nome duplicato=FileNameFormat | path=[external/storm-hdfs/src/main/java/org/apache/storm/hdfs/bolt/format/FileNameFormat.java, external/storm-hdfs/src/main/java/org/apache/storm/hdfs/trident/format/FileNameFormat.java]
  nome duplicato=FileRotationPolicy | path=[external/storm-hdfs/src/main/java/org/apache/storm/hdfs/bolt/rotation/FileRotationPolicy.java, external/storm-hdfs/src/main/java/org/apache/storm/hdfs/trident/rotation/FileRotationPolicy.java]
  nome duplicato=FileSizeRotationPolicy | path=[external/storm-hdfs/src/main/java/org/apache/storm/hdfs/bolt/rotation/FileSizeRotationPolicy.java, external/storm-hdfs/src/main/java/org/apache/storm/hdfs/trident/rotation/FileSizeRotationPolicy.java]
  nome duplicato=KafkaTopicSelector | path=[external/storm-kafka/src/jvm/storm/kafka/bolt/selector/KafkaTopicSelector.java, external/storm-kafka/src/jvm/storm/kafka/trident/selector/KafkaTopicSelector.java]
  nome duplicato=NoRotationPolicy | path=[external/storm-hdfs/src/main/java/org/apache/storm/hdfs/bolt/rotation/NoRotationPolicy.java, external/storm-hdfs/src/main/java/org/apache/storm/hdfs/trident/rotation/NoRotationPolicy.java]
  nome duplicato=RecordFormat | path=[external/storm-hdfs/src/main/java/org/apache/storm/hdfs/bolt/format/RecordFormat.java, external/storm-hdfs/src/main/java/org/apache/storm/hdfs/trident/format/RecordFormat.java]
  nome duplicato=RotatingTransactionalState | path=[storm-core/src/jvm/backtype/storm/transactional/state/RotatingTransactionalState.java, storm-core/src/jvm/storm/trident/topology/state/RotatingTransactionalState.java]
  nome duplicato=SequenceFormat | path=[external/storm-hdfs/src/main/java/org/apache/storm/hdfs/bolt/format/SequenceFormat.java, external/storm-hdfs/src/main/java/org/apache/storm/hdfs/trident/format/SequenceFormat.java]
  nome duplicato=SyncPolicy | path=[external/storm-hdfs/src/main/java/org/apache/storm/hdfs/bolt/sync/SyncPolicy.java, external/storm-hdfs/src/main/java/org/apache/storm/hdfs/trident/sync/SyncPolicy.java]
  nome duplicato=TimedRotationPolicy | path=[external/storm-hdfs/src/main/java/org/apache/storm/hdfs/bolt/rotation/TimedRotationPolicy.java, external/storm-hdfs/src/main/java/org/apache/storm/hdfs/trident/rotation/TimedRotationPolicy.java]
  nome duplicato=TransactionAttempt | path=[storm-core/src/jvm/backtype/storm/transactional/TransactionAttempt.java, storm-core/src/jvm/storm/trident/topology/TransactionAttempt.java]
  nome duplicato=TransactionalState | path=[storm-core/src/jvm/backtype/storm/transactional/state/TransactionalState.java, storm-core/src/jvm/storm/trident/topology/state/TransactionalState.java]
  nome duplicato=TrueFilter | path=[storm-core/src/jvm/storm/trident/operation/impl/TrueFilter.java, storm-core/src/jvm/storm/trident/testing/TrueFilter.java]
  nome duplicato=Utils | path=[external/storm-hbase/src/main/java/org/apache/storm/hbase/common/Utils.java, storm-core/src/jvm/backtype/storm/utils/Utils.java]
release=0.10.2 | totale classi=807 | nomi unici=751 | nomi duplicati=28 | % univoci=93.0607%
  nome duplicato=ClientCallbackHandler | path=[storm-core/src/jvm/backtype/storm/security/auth/digest/ClientCallbackHandler.java, storm-core/src/jvm/backtype/storm/security/auth/kerberos/ClientCallbackHandler.java]
  nome duplicato=Coordinator | path=[external/storm-eventhubs/src/main/java/org/apache/storm/eventhubs/trident/Coordinator.java, external/storm-kafka/src/jvm/storm/kafka/trident/Coordinator.java]
  nome duplicato=CountSyncPolicy | path=[external/storm-hdfs/src/main/java/org/apache/storm/hdfs/bolt/sync/CountSyncPolicy.java, external/storm-hdfs/src/main/java/org/apache/storm/hdfs/trident/sync/CountSyncPolicy.java]
  nome duplicato=DefaultFileNameFormat | path=[external/storm-hdfs/src/main/java/org/apache/storm/hdfs/bolt/format/DefaultFileNameFormat.java, external/storm-hdfs/src/main/java/org/apache/storm/hdfs/trident/format/DefaultFileNameFormat.java]
  nome duplicato=DefaultSequenceFormat | path=[external/storm-hdfs/src/main/java/org/apache/storm/hdfs/bolt/format/DefaultSequenceFormat.java, external/storm-hdfs/src/main/java/org/apache/storm/hdfs/trident/format/DefaultSequenceFormat.java]
  nome duplicato=DefaultTopicSelector | path=[external/storm-kafka/src/jvm/storm/kafka/bolt/selector/DefaultTopicSelector.java, external/storm-kafka/src/jvm/storm/kafka/trident/selector/DefaultTopicSelector.java]
  nome duplicato=DelimitedRecordFormat | path=[external/storm-hdfs/src/main/java/org/apache/storm/hdfs/bolt/format/DelimitedRecordFormat.java, external/storm-hdfs/src/main/java/org/apache/storm/hdfs/trident/format/DelimitedRecordFormat.java]
  nome duplicato=FieldNameBasedTupleToKafkaMapper | path=[external/storm-kafka/src/jvm/storm/kafka/bolt/mapper/FieldNameBasedTupleToKafkaMapper.java, external/storm-kafka/src/jvm/storm/kafka/trident/mapper/FieldNameBasedTupleToKafkaMapper.java]
  nome duplicato=FileNameFormat | path=[external/storm-hdfs/src/main/java/org/apache/storm/hdfs/bolt/format/FileNameFormat.java, external/storm-hdfs/src/main/java/org/apache/storm/hdfs/trident/format/FileNameFormat.java]
  nome duplicato=FileRotationPolicy | path=[external/storm-hdfs/src/main/java/org/apache/storm/hdfs/bolt/rotation/FileRotationPolicy.java, external/storm-hdfs/src/main/java/org/apache/storm/hdfs/trident/rotation/FileRotationPolicy.java]
  nome duplicato=FileSizeRotationPolicy | path=[external/storm-hdfs/src/main/java/org/apache/storm/hdfs/bolt/rotation/FileSizeRotationPolicy.java, external/storm-hdfs/src/main/java/org/apache/storm/hdfs/trident/rotation/FileSizeRotationPolicy.java]
  nome duplicato=KafkaTopicSelector | path=[external/storm-kafka/src/jvm/storm/kafka/bolt/selector/KafkaTopicSelector.java, external/storm-kafka/src/jvm/storm/kafka/trident/selector/KafkaTopicSelector.java]
  nome duplicato=MessageId | path=[external/storm-eventhubs/src/main/java/org/apache/storm/eventhubs/spout/MessageId.java, storm-core/src/jvm/backtype/storm/tuple/MessageId.java]
  nome duplicato=NoRotationPolicy | path=[external/storm-hdfs/src/main/java/org/apache/storm/hdfs/bolt/rotation/NoRotationPolicy.java, external/storm-hdfs/src/main/java/org/apache/storm/hdfs/trident/rotation/NoRotationPolicy.java]
  nome duplicato=Node | path=[storm-core/src/jvm/backtype/storm/scheduler/multitenant/Node.java, storm-core/src/jvm/storm/trident/planner/Node.java]
  nome duplicato=Partition | path=[external/storm-eventhubs/src/main/java/org/apache/storm/eventhubs/trident/Partition.java, external/storm-kafka/src/jvm/storm/kafka/Partition.java]
  nome duplicato=PartitionManager | path=[external/storm-eventhubs/src/main/java/org/apache/storm/eventhubs/spout/PartitionManager.java, external/storm-kafka/src/jvm/storm/kafka/PartitionManager.java]
  nome duplicato=RecordFormat | path=[external/storm-hdfs/src/main/java/org/apache/storm/hdfs/bolt/format/RecordFormat.java, external/storm-hdfs/src/main/java/org/apache/storm/hdfs/trident/format/RecordFormat.java]
  nome duplicato=RotatingTransactionalState | path=[storm-core/src/jvm/backtype/storm/transactional/state/RotatingTransactionalState.java, storm-core/src/jvm/storm/trident/topology/state/RotatingTransactionalState.java]
  nome duplicato=SequenceFormat | path=[external/storm-hdfs/src/main/java/org/apache/storm/hdfs/bolt/format/SequenceFormat.java, external/storm-hdfs/src/main/java/org/apache/storm/hdfs/trident/format/SequenceFormat.java]
  nome duplicato=ServerCallbackHandler | path=[storm-core/src/jvm/backtype/storm/security/auth/digest/ServerCallbackHandler.java, storm-core/src/jvm/backtype/storm/security/auth/kerberos/ServerCallbackHandler.java]
  nome duplicato=SyncPolicy | path=[external/storm-hdfs/src/main/java/org/apache/storm/hdfs/bolt/sync/SyncPolicy.java, external/storm-hdfs/src/main/java/org/apache/storm/hdfs/trident/sync/SyncPolicy.java]
  nome duplicato=TestTransactionalState | path=[storm-core/src/jvm/backtype/storm/transactional/state/TestTransactionalState.java, storm-core/src/jvm/storm/trident/topology/state/TestTransactionalState.java]
  nome duplicato=TimedRotationPolicy | path=[external/storm-hdfs/src/main/java/org/apache/storm/hdfs/bolt/rotation/TimedRotationPolicy.java, external/storm-hdfs/src/main/java/org/apache/storm/hdfs/trident/rotation/TimedRotationPolicy.java]
  nome duplicato=TransactionAttempt | path=[storm-core/src/jvm/backtype/storm/transactional/TransactionAttempt.java, storm-core/src/jvm/storm/trident/topology/TransactionAttempt.java]
  nome duplicato=TransactionalState | path=[storm-core/src/jvm/backtype/storm/transactional/state/TransactionalState.java, storm-core/src/jvm/storm/trident/topology/state/TransactionalState.java]
  nome duplicato=TrueFilter | path=[storm-core/src/jvm/storm/trident/operation/impl/TrueFilter.java, storm-core/src/jvm/storm/trident/testing/TrueFilter.java]
  nome duplicato=Utils | path=[external/storm-hbase/src/main/java/org/apache/storm/hbase/common/Utils.java, storm-core/src/jvm/backtype/storm/utils/Utils.java]
